
> server@1.0.0 test
> jest src/__tests__/auth.test.ts

  console.log
    [dotenv@17.2.3] injecting env (3) from .env -- tip: ≡ƒæÑ sync secrets across teammates & machines: https://dotenvx.com/ops

      at _log (node_modules/dotenv/lib/main.js:142:11)

  console.log
    [dotenv@17.2.3] injecting env (0) from .env -- tip: Γ£à audit secrets and track compliance: https://dotenvx.com/ops

      at _log (node_modules/dotenv/lib/main.js:142:11)

node.exe : FAIL src/
__tests__/auth.test.
ts
At C:\Program Files\
nodejs\npm.ps1:29 
char:3
+   & $NODE_EXE 
$NPM_CLI_JS $args
+   ~~~~~~~~~~~~~~~~
~~~~~~~~~~~~~
    + CategoryInfo  
            : NotS  
  pecified: (FAIL   
  src/__tests__/    
auth.test.ts:St    
ring) [], Remot    
eException
    + FullyQualifie 
   dErrorId : Nati  
  veCommandError
 
  Auth API
    ├ù POST 
/api/auth/register 
should create a new 
user (144 ms)
    ├ù POST 
/api/auth/register 
should fail for 
existing email (10 
ms)
    ΓêÜ POST 
/api/auth/login 
should authenticate 
user (85 ms)
    ΓêÜ POST 
/api/auth/login 
should reject wrong 
password (74 ms)

  ΓùÅ Auth API ΓÇ║ 
POST 
/api/auth/register 
should create a new 
user

    expect(received)
.toHaveProperty(path
)

    Expected path: 
"token"
    Received path: 
[]

    Received value: 
{"message": "User 
registered 
successfully", 
"user": 
{"created_at": "2025
-12-15T05:34:11.975Z
", "email": "jest.au
th@test.com", "id": 
"0ecdbe72-1ee5-47ef-
a2e8-4f664e9cf327", 
"role": "USER"}}

    [0m [90m 24 
|[39m
     [90m 25 
|[39m     expect(re
s[33m.[39mstatusCo
de)[33m.[39mtoBe(
[35m201[39m)[33m;
[39m
    [31m[1m>[22m
[39m[90m 26 |[39m 
    expect(res[33m.
[39mbody)[33m.[39
mtoHaveProperty([32
m"token"[39m)[33m;
[39m
     [90m    
|[39m              
        
[31m[1m^[22m[39m
     [90m 27 
|[39m     expect(re
s[33m.[39mbody[33
m.[39muser)[33m.[
39mtoHaveProperty([
32m"email"[39m[33m
,[39m testUser[33m
.[39memail)[33m;[
39m
     [90m 28 
|[39m   
})[33m;[39m
     [90m 29 
|[39m[0m

      at src/__tests
__/auth.test.ts:26:2
2
      at fulfilled (
src/__tests__/auth.t
est.ts:5:58)

  ΓùÅ Auth API ΓÇ║ 
POST 
/api/auth/register 
should fail for 
existing email

    expect(received)
.toBe(expected) // 
Object.is equality

    Expected: 400
    Received: 409

    [0m [90m 31 
|[39m     
[36mconst[39m res 
[33m=[39m 
[36mawait[39m requ
est(app)[33m.[39mp
ost([32m"/api/auth/
register"[39m)[33m
.[39msend(testUser)
[33m;[39m
     [90m 32 |[39m
    [31m[1m>[22m
[39m[90m 33 |[39m 
    expect(res[33m.
[39mstatusCode)[33
m.[39mtoBe([35m400
[39m)[33m;[39m
     [90m    
|[39m              
              
[31m[1m^[22m[39m
     [90m 34 
|[39m     expect(re
s[33m.[39mbody)[3
3m.[39mtoHaveProper
ty([32m"error"[39m
[33m,[39m 
[32m"Email already 
exists"[39m)[33m;
[39m
     [90m 35 
|[39m   
})[33m;[39m
     [90m 36 
|[39m[0m

      at src/__tests
__/auth.test.ts:33:2
8
      at fulfilled (
src/__tests__/auth.t
est.ts:5:58)

Test Suites: 1 
failed, 1 total
Tests:       2 
failed, 2 passed, 4 
total
Snapshots:   0 total
Time:        2.307 s
Ran all test suites 
matching src/__tests
__/auth.test.ts.
Force exiting Jest: 
Have you considered 
using `--detectOpenH
andles` to detect 
async operations 
that kept running 
after all tests 
finished?
